// Jest Snapshot v1, https://goo.gl/fbAQLP

exports[`Group Script App.test.I:  Test App.test.I.1; Snapshot testing: 1`] = `
<App
  fctSetCardType={[Function]}
  store={
    Object {
      "cards": Array [],
      "dispatch": [Function],
      "getState": [Function],
      "observable": [Function],
      "picContentType": "img-class",
      "replaceReducer": [Function],
      "searchTxt1": "",
      "suscribe": [Function],
    }
  }
/>
`;
